// Jest Snapshot v1, https://goo.gl/fbAQLP

exports[`<Slide> it works 1`] = `ShallowWrapper {}`;
